// Jest Snapshot v1, https://goo.gl/fbAQLP

exports[`<Profile /> to match snapshot 1`] = `
<div
  className="profile-container"
>
  <h1>
    Mattia Richetto
  </h1>
  <h2>
    @mattiaerre
  </h2>
  <p>
    Agile developer at OpenTable, marathon runner, sports fan and vegan living in San Francisco #FOB
  </p>
  <button
    onClick={[Function]}
  >
    Click me!
  </button>
</div>
`;
